Time: 2022-01-12_23:29:27
Platform information: Linux-5.11.0-25-generic-x86_64-with-glibc2.29, server3
PyTorch version: 1.8.1+cu102
Numpy version: 1.20.3
Config information: {
    "ML": {
        "datasetsize": "1048576",
        "train": "0.625",
        "test": "0.25",
        "val": "0.125",
        "epochs": "50",
        "hidden": "128 128",
        "dropout": "0.0",
        "activation": "relu",
        "optimizer": "Adamw",
        "batchsize": "64",
        "lr": "1e-4",
        "accuracyeps": "0",
        "stddev": "9.0"
    },
    "OPTUNA": {
        "trials": "500",
        "epochs": "25",
        "train": "0.8",
        "val": "0.2",
        "batchsize": "64",
        "numlayers": "2 5",
        "layersize": "64 512",
        "optimizer": "adamw",
        "activation": "relu",
        "lr": "1e-4",
        "accuracyeps": "0"
    }
} 
No GPU
StdDev: 9.0
SNR: 0.9519534822522466 

Total dataset size: 
1048576 = 2 ^ 20.0

Train samples: 
655360 = 2 ^ 19.32192809488736

Val samples: 
131072 = 2 ^ 17.0

Test samples: 
262144 = 2 ^ 18.0

Train distribution: 
{0: 3860, 1: 3990, 2: 3919, 3: 3835, 4: 3905, 5: 3903, 6: 4054, 7: 4328, 8: 5052, 9: 7240, 10: 11764, 11: 19682, 12: 31547, 13: 46754, 14: 61835, 15: 73433, 16: 77878, 17: 73135, 18: 61391, 19: 46783, 20: 31479, 21: 19705, 22: 11972, 23: 7316, 24: 5113, 25: 4255, 26: 4062, 27: 3837, 28: 3840, 29: 3829, 30: 3930, 31: 3866, 32: 3868}
Val distribution: 
{0: 798, 1: 743, 2: 813, 3: 765, 4: 781, 5: 754, 6: 754, 7: 845, 8: 1063, 9: 1490, 10: 2294, 11: 3964, 12: 6226, 13: 9439, 14: 12359, 15: 14683, 16: 15533, 17: 14669, 18: 12378, 19: 9128, 20: 6470, 21: 3934, 22: 2381, 23: 1487, 24: 1046, 25: 845, 26: 797, 27: 833, 28: 754, 29: 784, 30: 747, 31: 779, 32: 736}
Test distribution: 
{0: 1582, 1: 1531, 2: 1490, 3: 1600, 4: 1557, 5: 1569, 6: 1625, 7: 1725, 8: 2088, 9: 2882, 10: 4645, 11: 7995, 12: 12731, 13: 18440, 14: 24603, 15: 29586, 16: 31296, 17: 29442, 18: 24387, 19: 18575, 20: 12498, 21: 8005, 22: 4706, 23: 2887, 24: 2072, 25: 1737, 26: 1553, 27: 1587, 28: 1540, 29: 1635, 30: 1574, 31: 1513, 32: 1488}Data preparation time: 27.918466567993164
Activation function: ReLU
Optimizer function: AdamW
Epochs: 50
Batch size: 64
Learning rate: 0.0001
Accuracy tolernace: 0.0
Model Information: 
Sequential(
  (0): Linear(in_features=500, out_features=128, bias=True)
  (1): ReLU()
  (2): Dropout(p=0.0, inplace=False)
  (3): Linear(in_features=128, out_features=128, bias=True)
  (4): ReLU()
  (5): Linear(in_features=128, out_features=33, bias=True)
)
Allocated GPU memory: 0 bytes
Epoch 1/50: Train Loss - 2.77086, Val Loss - 2.35254, Train Acc - 0.09539, Val Acc - 0.12199
Epoch 2/50: Train Loss - 2.32002, Val Loss - 2.27419, Train Acc - 0.14088, Val Acc - 0.13649
Epoch 3/50: Train Loss - 2.28165, Val Loss - 2.24983, Train Acc - 0.14630, Val Acc - 0.14542
Epoch 4/50: Train Loss - 2.26806, Val Loss - 2.23717, Train Acc - 0.14897, Val Acc - 0.14846
Epoch 5/50: Train Loss - 2.26127, Val Loss - 2.22279, Train Acc - 0.15089, Val Acc - 0.15318
Epoch 6/50: Train Loss - 2.25644, Val Loss - 2.21790, Train Acc - 0.15143, Val Acc - 0.15358
Epoch 7/50: Train Loss - 2.24943, Val Loss - 2.21531, Train Acc - 0.15330, Val Acc - 0.15364
Epoch 8/50: Train Loss - 2.24262, Val Loss - 2.21193, Train Acc - 0.15463, Val Acc - 0.15559
Epoch 9/50: Train Loss - 2.23755, Val Loss - 2.20765, Train Acc - 0.15544, Val Acc - 0.15555
Epoch 10/50: Train Loss - 2.23307, Val Loss - 2.21115, Train Acc - 0.15604, Val Acc - 0.15315
Epoch 11/50: Train Loss - 2.22960, Val Loss - 2.20536, Train Acc - 0.15655, Val Acc - 0.15485
Epoch 12/50: Train Loss - 2.22686, Val Loss - 2.20346, Train Acc - 0.15722, Val Acc - 0.15528
Epoch 13/50: Train Loss - 2.22396, Val Loss - 2.20275, Train Acc - 0.15757, Val Acc - 0.15466
Epoch 14/50: Train Loss - 2.22153, Val Loss - 2.20137, Train Acc - 0.15859, Val Acc - 0.15458
Epoch 15/50: Train Loss - 2.21897, Val Loss - 2.20064, Train Acc - 0.15894, Val Acc - 0.15497
Epoch 16/50: Train Loss - 2.21720, Val Loss - 2.20341, Train Acc - 0.15936, Val Acc - 0.15414
Epoch 17/50: Train Loss - 2.21534, Val Loss - 2.20067, Train Acc - 0.15971, Val Acc - 0.15352
Epoch 18/50: Train Loss - 2.21341, Val Loss - 2.20108, Train Acc - 0.16037, Val Acc - 0.15351
Epoch 19/50: Train Loss - 2.21137, Val Loss - 2.19748, Train Acc - 0.16050, Val Acc - 0.15494
Epoch 20/50: Train Loss - 2.21010, Val Loss - 2.19910, Train Acc - 0.16067, Val Acc - 0.15475
Epoch 21/50: Train Loss - 2.20866, Val Loss - 2.19336, Train Acc - 0.16131, Val Acc - 0.15511
Epoch 22/50: Train Loss - 2.20732, Val Loss - 2.19376, Train Acc - 0.16101, Val Acc - 0.15414
Epoch 23/50: Train Loss - 2.20610, Val Loss - 2.19341, Train Acc - 0.16130, Val Acc - 0.15484
Epoch 24/50: Train Loss - 2.20517, Val Loss - 2.19375, Train Acc - 0.16165, Val Acc - 0.15564
Epoch 25/50: Train Loss - 2.20400, Val Loss - 2.19463, Train Acc - 0.16169, Val Acc - 0.15542
Epoch 26/50: Train Loss - 2.20283, Val Loss - 2.19269, Train Acc - 0.16208, Val Acc - 0.15578
Epoch 27/50: Train Loss - 2.20216, Val Loss - 2.19345, Train Acc - 0.16234, Val Acc - 0.15598
Epoch 28/50: Train Loss - 2.20127, Val Loss - 2.19097, Train Acc - 0.16269, Val Acc - 0.15726
Epoch 29/50: Train Loss - 2.20049, Val Loss - 2.18964, Train Acc - 0.16284, Val Acc - 0.15857
Epoch 30/50: Train Loss - 2.20011, Val Loss - 2.19047, Train Acc - 0.16287, Val Acc - 0.15668
Epoch 31/50: Train Loss - 2.19925, Val Loss - 2.19506, Train Acc - 0.16319, Val Acc - 0.15582
Epoch 32/50: Train Loss - 2.19846, Val Loss - 2.19229, Train Acc - 0.16328, Val Acc - 0.15736
Epoch 33/50: Train Loss - 2.19767, Val Loss - 2.19182, Train Acc - 0.16343, Val Acc - 0.15736
Epoch 34/50: Train Loss - 2.19724, Val Loss - 2.19081, Train Acc - 0.16336, Val Acc - 0.15827
Epoch 35/50: Train Loss - 2.19716, Val Loss - 2.19789, Train Acc - 0.16398, Val Acc - 0.15599
Epoch 36/50: Train Loss - 2.19571, Val Loss - 2.19638, Train Acc - 0.16416, Val Acc - 0.15580
Epoch 37/50: Train Loss - 2.19519, Val Loss - 2.19293, Train Acc - 0.16419, Val Acc - 0.15777
Epoch 38/50: Train Loss - 2.19438, Val Loss - 2.19182, Train Acc - 0.16471, Val Acc - 0.15759
Epoch 39/50: Train Loss - 2.19424, Val Loss - 2.20606, Train Acc - 0.16448, Val Acc - 0.15469
Epoch 40/50: Train Loss - 2.19350, Val Loss - 2.19499, Train Acc - 0.16448, Val Acc - 0.15781
Epoch 41/50: Train Loss - 2.19311, Val Loss - 2.19091, Train Acc - 0.16490, Val Acc - 0.15849
Epoch 42/50: Train Loss - 2.19281, Val Loss - 2.19591, Train Acc - 0.16514, Val Acc - 0.15722
Epoch 43/50: Train Loss - 2.19248, Val Loss - 2.19683, Train Acc - 0.16493, Val Acc - 0.15666
Epoch 44/50: Train Loss - 2.19207, Val Loss - 2.19438, Train Acc - 0.16517, Val Acc - 0.15753
Epoch 45/50: Train Loss - 2.19160, Val Loss - 2.19147, Train Acc - 0.16533, Val Acc - 0.15826
Epoch 46/50: Train Loss - 2.19113, Val Loss - 2.19633, Train Acc - 0.16538, Val Acc - 0.15773
Epoch 47/50: Train Loss - 2.19056, Val Loss - 2.19356, Train Acc - 0.16530, Val Acc - 0.15723
Epoch 48/50: Train Loss - 2.19038, Val Loss - 2.19032, Train Acc - 0.16547, Val Acc - 0.15834
Epoch 49/50: Train Loss - 2.19022, Val Loss - 2.19117, Train Acc - 0.16519, Val Acc - 0.15852
Epoch 50/50: Train Loss - 2.18989, Val Loss - 2.18865, Train Acc - 0.16566, Val Acc - 0.15937
Training time: 1954.798004
Test Loss - 2.18552, Test Acc - 0.15937
Test Accuracy for 1-4 tolerance: 
{"1": 0.44838, "2": 0.67646, "3": 0.83112, "4": 0.92237, "5": 0.96873, "6": 0.98875, "7": 0.99629, "8": 0.99887, "9": 0.99965, "10": 0.99992, "11": 0.99997, "12": 1.0, "13": 1.0, "14": 1.0, "15": 1.0, "16": 1.0, "17": 1.0, "18": 1.0, "19": 1.0, "20": 1.0, "21": 1.0, "22": 1.0, "23": 1.0, "24": 1.0, "25": 1.0, "26": 1.0, "27": 1.0, "28": 1.0, "29": 1.0, "30": 1.0, "31": 1.0, "32": 1.0}
SNR: 0.9519534822522466 
