

Time: 2025-08-12_07:57:21
Platform information: Linux-6.8.0-71-generic-x86_64-with-glibc2.17, Satyam-HP
PyTorch version: 1.8.1+cu102
Numpy version: 1.20.3
Config information: {
    "ML": {
        "datasetsize": "262144",
        "train": "0.625",
        "test": "0.25",
        "val": "0.125",
        "epochs": "1",
        "hidden": "10 10",
        "dropout": "0.0",
        "activation": "relu",
        "optimizer": "Adam",
        "batchsize": "64",
        "lr": "1e-3",
        "accuracyeps": "0",
        "stddev": "1.0"
    },
    "OPTUNA": {
        "trials": "2",
        "epochs": "30",
        "train": "0.7",
        "val": "0.3",
        "batchsize": "64",
        "numlayers": "2 5",
        "layersize": "64 512",
        "optimizer": "adam",
        "activation": "relu",
        "lr": "1e-5",
        "accuracyeps": "0"
    }
} 
Total GPU memory: 4227465216 bytes

Total dataset size: 
262144 = 2 ^ 18.0

Train samples: 
163840 = 2 ^ 17.32192809488736

Val samples: 
32768 = 2 ^ 15.0

Test samples: 
65536 = 2 ^ 16.0

Train distribution: 
{0: 749, 1: 746, 2: 763, 3: 748, 4: 719, 5: 781, 6: 796, 7: 867, 8: 1039, 9: 1696, 10: 2745, 11: 4886, 12: 7834, 13: 11993, 14: 15970, 15: 19161, 16: 20222, 17: 19104, 18: 16067, 19: 12011, 20: 8225, 21: 4857, 22: 2877, 23: 1665, 24: 1082, 25: 868, 26: 782, 27: 792, 28: 763, 29: 763, 30: 768, 31: 780, 32: 721}
Val distribution: 
{0: 141, 1: 165, 2: 151, 3: 149, 4: 141, 5: 140, 6: 183, 7: 170, 8: 205, 9: 342, 10: 585, 11: 961, 12: 1614, 13: 2442, 14: 3148, 15: 3782, 16: 4033, 17: 3809, 18: 3224, 19: 2415, 20: 1599, 21: 993, 22: 575, 23: 347, 24: 244, 25: 162, 26: 160, 27: 146, 28: 133, 29: 166, 30: 144, 31: 136, 32: 163}
Test distribution: 
{0: 328, 1: 295, 2: 270, 3: 297, 4: 318, 5: 310, 6: 329, 7: 324, 8: 427, 9: 658, 10: 1162, 11: 2043, 12: 3199, 13: 4800, 14: 6437, 15: 7662, 16: 8154, 17: 7604, 18: 6260, 19: 4715, 20: 3237, 21: 1969, 22: 1150, 23: 653, 24: 428, 25: 368, 26: 348, 27: 310, 28: 312, 29: 299, 30: 296, 31: 270, 32: 304}Data preparation time: 483.0173282623291
Activation function: ReLU
Optimizer function: Adam
Epochs: 1
Batch size: 64
Learning rate: 0.001
Accuracy tolernace: 0.0
Model Information: 
Sequential(
  (0): Linear(in_features=500, out_features=10, bias=True)
  (1): ReLU()
  (2): Dropout(p=0.0, inplace=False)
  (3): Linear(in_features=10, out_features=10, bias=True)
  (4): ReLU()
  (5): Linear(in_features=10, out_features=33, bias=True)
)
Trainable Parameters: 5483
Allocated GPU memory: 527720448 bytes
Epoch 1/1: Train Loss - 3.50457, Val Loss - 3.49549, Train Acc - 0.05016, Val Acc - 0.11624
Training time: 10.670750
Test Loss - 3.49615, Test Acc - 0.11603
Test Accuracy for 1-32 tolerance: 
{"1": 0.33597, "2": 0.52483, "3": 0.67244, "4": 0.77573, "5": 0.84209, "6": 0.88322, "7": 0.90749, "8": 0.92314, "9": 0.93497, "10": 0.94464, "11": 0.95442, "12": 0.96371, "13": 0.97308, "14": 0.98174, "15": 0.99049, "16": 0.995, "17": 1.0, "18": 1.0, "19": 1.0, "20": 1.0, "21": 1.0, "22": 1.0, "23": 1.0, "24": 1.0, "25": 1.0, "26": 1.0, "27": 1.0, "28": 1.0, "29": 1.0, "30": 1.0, "31": 1.0, "32": 1.0}