Time: 2022-01-13_09:35:03
Platform information: Linux-5.11.0-25-generic-x86_64-with-glibc2.29, server3
PyTorch version: 1.8.1+cu102
Numpy version: 1.20.3
Config information: {
    "ML": {
        "datasetsize": "1048576",
        "train": "0.625",
        "test": "0.25",
        "val": "0.125",
        "epochs": "50",
        "hidden": "128 128",
        "dropout": "0.0",
        "activation": "relu",
        "optimizer": "Adamw",
        "batchsize": "64",
        "lr": "1e-4",
        "accuracyeps": "0",
        "stddev": "6.6"
    },
    "OPTUNA": {
        "trials": "500",
        "epochs": "25",
        "train": "0.8",
        "val": "0.2",
        "batchsize": "64",
        "numlayers": "2 5",
        "layersize": "64 512",
        "optimizer": "adamw",
        "activation": "relu",
        "lr": "1e-4",
        "accuracyeps": "0"
    }
} 
No GPU
StdDev: 6.6
SNR: 1.4215777686663553 

Total dataset size: 
1048576 = 2 ^ 20.0

Train samples: 
655360 = 2 ^ 19.32192809488736

Val samples: 
131072 = 2 ^ 17.0

Test samples: 
262144 = 2 ^ 18.0

Train distribution: 
{0: 3931, 1: 3928, 2: 3895, 3: 3934, 4: 3923, 5: 3875, 6: 3966, 7: 4315, 8: 5100, 9: 7458, 10: 11578, 11: 19542, 12: 31644, 13: 46859, 14: 61671, 15: 73280, 16: 77876, 17: 73023, 18: 61755, 19: 46606, 20: 31721, 21: 19653, 22: 11759, 23: 7342, 24: 5124, 25: 4295, 26: 3919, 27: 4022, 28: 3900, 29: 3856, 30: 3832, 31: 3899, 32: 3879}
Val distribution: 
{0: 792, 1: 773, 2: 751, 3: 808, 4: 785, 5: 803, 6: 776, 7: 883, 8: 1069, 9: 1425, 10: 2325, 11: 3937, 12: 6484, 13: 9207, 14: 12390, 15: 14760, 16: 15614, 17: 14748, 18: 12193, 19: 9201, 20: 6305, 21: 3997, 22: 2321, 23: 1445, 24: 1021, 25: 900, 26: 768, 27: 785, 28: 741, 29: 762, 30: 746, 31: 775, 32: 782}
Test distribution: 
{0: 1548, 1: 1520, 2: 1520, 3: 1528, 4: 1538, 5: 1593, 6: 1562, 7: 1740, 8: 2120, 9: 2955, 10: 4701, 11: 7930, 12: 12660, 13: 18776, 14: 24670, 15: 29295, 16: 30866, 17: 29708, 18: 24558, 19: 18552, 20: 12540, 21: 7984, 22: 4739, 23: 2907, 24: 2059, 25: 1723, 26: 1689, 27: 1549, 28: 1510, 29: 1565, 30: 1547, 31: 1488, 32: 1504}Data preparation time: 28.198087692260742
Activation function: ReLU
Optimizer function: AdamW
Epochs: 50
Batch size: 64
Learning rate: 0.0001
Accuracy tolernace: 0.0
Model Information: 
Sequential(
  (0): Linear(in_features=500, out_features=128, bias=True)
  (1): ReLU()
  (2): Dropout(p=0.0, inplace=False)
  (3): Linear(in_features=128, out_features=128, bias=True)
  (4): ReLU()
  (5): Linear(in_features=128, out_features=33, bias=True)
)
Allocated GPU memory: 0 bytes
Epoch 1/50: Train Loss - 2.68310, Val Loss - 2.25497, Train Acc - 0.10639, Val Acc - 0.13734
Epoch 2/50: Train Loss - 2.19341, Val Loss - 2.14025, Train Acc - 0.16259, Val Acc - 0.16363
Epoch 3/50: Train Loss - 2.14047, Val Loss - 2.07956, Train Acc - 0.17213, Val Acc - 0.18354
Epoch 4/50: Train Loss - 2.11938, Val Loss - 2.05297, Train Acc - 0.17648, Val Acc - 0.18854
Epoch 5/50: Train Loss - 2.10881, Val Loss - 2.04612, Train Acc - 0.17901, Val Acc - 0.18902
Epoch 6/50: Train Loss - 2.10189, Val Loss - 2.03860, Train Acc - 0.18007, Val Acc - 0.19241
Epoch 7/50: Train Loss - 2.09664, Val Loss - 2.03929, Train Acc - 0.18124, Val Acc - 0.19424
Epoch 8/50: Train Loss - 2.09304, Val Loss - 2.03625, Train Acc - 0.18175, Val Acc - 0.19435
Epoch 9/50: Train Loss - 2.08911, Val Loss - 2.03397, Train Acc - 0.18265, Val Acc - 0.19505
Epoch 10/50: Train Loss - 2.08604, Val Loss - 2.03239, Train Acc - 0.18292, Val Acc - 0.19565
Epoch 11/50: Train Loss - 2.08347, Val Loss - 2.03113, Train Acc - 0.18366, Val Acc - 0.19713
Epoch 12/50: Train Loss - 2.08108, Val Loss - 2.03089, Train Acc - 0.18396, Val Acc - 0.19653
Epoch 13/50: Train Loss - 2.07955, Val Loss - 2.03012, Train Acc - 0.18412, Val Acc - 0.19703
Epoch 14/50: Train Loss - 2.07802, Val Loss - 2.03233, Train Acc - 0.18458, Val Acc - 0.19563
Epoch 15/50: Train Loss - 2.07605, Val Loss - 2.03243, Train Acc - 0.18490, Val Acc - 0.19641
Epoch 16/50: Train Loss - 2.07463, Val Loss - 2.03212, Train Acc - 0.18544, Val Acc - 0.19788
Epoch 17/50: Train Loss - 2.07270, Val Loss - 2.03256, Train Acc - 0.18645, Val Acc - 0.19670
Epoch 18/50: Train Loss - 2.06986, Val Loss - 2.03062, Train Acc - 0.18775, Val Acc - 0.19885
Epoch 19/50: Train Loss - 2.06702, Val Loss - 2.03024, Train Acc - 0.18849, Val Acc - 0.19856
Epoch 20/50: Train Loss - 2.06363, Val Loss - 2.03281, Train Acc - 0.18927, Val Acc - 0.19807
Epoch 21/50: Train Loss - 2.06093, Val Loss - 2.02990, Train Acc - 0.19002, Val Acc - 0.19746
Epoch 22/50: Train Loss - 2.05853, Val Loss - 2.02932, Train Acc - 0.19002, Val Acc - 0.19704
Epoch 23/50: Train Loss - 2.05525, Val Loss - 2.01852, Train Acc - 0.19103, Val Acc - 0.19773
Epoch 24/50: Train Loss - 2.05328, Val Loss - 2.02999, Train Acc - 0.19136, Val Acc - 0.19758
Epoch 25/50: Train Loss - 2.05086, Val Loss - 2.03181, Train Acc - 0.19216, Val Acc - 0.19754
Epoch 26/50: Train Loss - 2.04901, Val Loss - 2.02716, Train Acc - 0.19232, Val Acc - 0.19826
Epoch 27/50: Train Loss - 2.04710, Val Loss - 2.03177, Train Acc - 0.19279, Val Acc - 0.19773
Epoch 28/50: Train Loss - 2.04559, Val Loss - 2.03120, Train Acc - 0.19339, Val Acc - 0.19815
Epoch 29/50: Train Loss - 2.04406, Val Loss - 2.02842, Train Acc - 0.19397, Val Acc - 0.20026
Epoch 30/50: Train Loss - 2.04267, Val Loss - 2.02672, Train Acc - 0.19440, Val Acc - 0.19966
Epoch 31/50: Train Loss - 2.04144, Val Loss - 2.02724, Train Acc - 0.19477, Val Acc - 0.19964
Epoch 32/50: Train Loss - 2.04084, Val Loss - 2.01700, Train Acc - 0.19482, Val Acc - 0.19958
Epoch 33/50: Train Loss - 2.03904, Val Loss - 2.01844, Train Acc - 0.19538, Val Acc - 0.19798
Epoch 34/50: Train Loss - 2.03834, Val Loss - 2.01600, Train Acc - 0.19534, Val Acc - 0.19766
Epoch 35/50: Train Loss - 2.03711, Val Loss - 2.02468, Train Acc - 0.19563, Val Acc - 0.19901
Epoch 36/50: Train Loss - 2.03636, Val Loss - 2.02805, Train Acc - 0.19570, Val Acc - 0.20018
Epoch 37/50: Train Loss - 2.03573, Val Loss - 2.03282, Train Acc - 0.19592, Val Acc - 0.20023
Epoch 38/50: Train Loss - 2.03408, Val Loss - 2.03226, Train Acc - 0.19605, Val Acc - 0.19871
Epoch 39/50: Train Loss - 2.03376, Val Loss - 2.04217, Train Acc - 0.19631, Val Acc - 0.19720
Epoch 40/50: Train Loss - 2.03225, Val Loss - 2.02507, Train Acc - 0.19671, Val Acc - 0.19854
Epoch 41/50: Train Loss - 2.03155, Val Loss - 2.02662, Train Acc - 0.19668, Val Acc - 0.19670
Epoch 42/50: Train Loss - 2.03052, Val Loss - 2.02666, Train Acc - 0.19710, Val Acc - 0.19811
Epoch 43/50: Train Loss - 2.02977, Val Loss - 2.02770, Train Acc - 0.19739, Val Acc - 0.19701
Epoch 44/50: Train Loss - 2.02870, Val Loss - 2.02465, Train Acc - 0.19763, Val Acc - 0.19711
Epoch 45/50: Train Loss - 2.02783, Val Loss - 2.02803, Train Acc - 0.19752, Val Acc - 0.19569
Epoch 46/50: Train Loss - 2.02764, Val Loss - 2.03122, Train Acc - 0.19798, Val Acc - 0.19824
Epoch 47/50: Train Loss - 2.02691, Val Loss - 2.03638, Train Acc - 0.19817, Val Acc - 0.19419
Epoch 48/50: Train Loss - 2.02579, Val Loss - 2.05388, Train Acc - 0.19807, Val Acc - 0.19249
Epoch 49/50: Train Loss - 2.02521, Val Loss - 2.02985, Train Acc - 0.19855, Val Acc - 0.19576
Epoch 50/50: Train Loss - 2.02504, Val Loss - 2.03191, Train Acc - 0.19821, Val Acc - 0.19443
Training time: 2002.835499
Test Loss - 2.03344, Test Acc - 0.19354
Test Accuracy for 1-4 tolerance: 
{"1": 0.52944, "2": 0.76958, "3": 0.90731, "4": 0.96887, "5": 0.9911, "6": 0.99768, "7": 0.99952, "8": 0.99985, "9": 0.99995, "10": 0.99999, "11": 1.0, "12": 1.0, "13": 1.0, "14": 1.0, "15": 1.0, "16": 1.0, "17": 1.0, "18": 1.0, "19": 1.0, "20": 1.0, "21": 1.0, "22": 1.0, "23": 1.0, "24": 1.0, "25": 1.0, "26": 1.0, "27": 1.0, "28": 1.0, "29": 1.0, "30": 1.0, "31": 1.0, "32": 1.0}
SNR: 1.4215777686663553 
