Time: 2022-01-12_22:49:29
Platform information: Linux-5.11.0-25-generic-x86_64-with-glibc2.29, server3
PyTorch version: 1.8.1+cu102
Numpy version: 1.20.3
Config information: {
    "ML": {
        "datasetsize": "1048576",
        "train": "0.625",
        "test": "0.25",
        "val": "0.125",
        "epochs": "50",
        "hidden": "128 128",
        "dropout": "0.0",
        "activation": "relu",
        "optimizer": "Adamw",
        "batchsize": "64",
        "lr": "1e-4",
        "accuracyeps": "0",
        "stddev": "6.0"
    },
    "OPTUNA": {
        "trials": "500",
        "epochs": "25",
        "train": "0.8",
        "val": "0.2",
        "batchsize": "64",
        "numlayers": "2 5",
        "layersize": "64 512",
        "optimizer": "adamw",
        "activation": "relu",
        "lr": "1e-4",
        "accuracyeps": "0"
    }
} 
No GPU
StdDev: 6.0
SNR: 1.5496638472615172 

Total dataset size: 
1048576 = 2 ^ 20.0

Train samples: 
655360 = 2 ^ 19.32192809488736

Val samples: 
131072 = 2 ^ 17.0

Test samples: 
262144 = 2 ^ 18.0

Train distribution: 
{0: 3814, 1: 3922, 2: 3899, 3: 3925, 4: 3992, 5: 3868, 6: 4057, 7: 4282, 8: 5060, 9: 7215, 10: 11715, 11: 19626, 12: 31207, 13: 46657, 14: 61495, 15: 73537, 16: 77828, 17: 73132, 18: 61807, 19: 46653, 20: 31649, 21: 19725, 22: 11851, 23: 7377, 24: 5187, 25: 4264, 26: 4015, 27: 3994, 28: 4019, 29: 3921, 30: 3925, 31: 3852, 32: 3890}
Val distribution: 
{0: 774, 1: 737, 2: 780, 3: 770, 4: 749, 5: 722, 6: 813, 7: 851, 8: 1026, 9: 1473, 10: 2331, 11: 3905, 12: 6478, 13: 9407, 14: 12407, 15: 14596, 16: 15300, 17: 14757, 18: 12343, 19: 9214, 20: 6431, 21: 3983, 22: 2316, 23: 1434, 24: 1066, 25: 866, 26: 818, 27: 800, 28: 787, 29: 800, 30: 752, 31: 823, 32: 763}
Test distribution: 
{0: 1592, 1: 1538, 2: 1520, 3: 1534, 4: 1523, 5: 1597, 6: 1546, 7: 1810, 8: 2045, 9: 2873, 10: 4749, 11: 7911, 12: 12613, 13: 18553, 14: 24672, 15: 29216, 16: 30981, 17: 29209, 18: 24662, 19: 18531, 20: 12905, 21: 8020, 22: 4754, 23: 2962, 24: 2068, 25: 1771, 26: 1608, 27: 1587, 28: 1515, 29: 1529, 30: 1552, 31: 1545, 32: 1653}Data preparation time: 30.183088064193726
Activation function: ReLU
Optimizer function: AdamW
Epochs: 50
Batch size: 64
Learning rate: 0.0001
Accuracy tolernace: 0.0
Model Information: 
Sequential(
  (0): Linear(in_features=500, out_features=128, bias=True)
  (1): ReLU()
  (2): Dropout(p=0.0, inplace=False)
  (3): Linear(in_features=128, out_features=128, bias=True)
  (4): ReLU()
  (5): Linear(in_features=128, out_features=33, bias=True)
)
Allocated GPU memory: 0 bytes
Epoch 1/50: Train Loss - 2.63508, Val Loss - 2.35301, Train Acc - 0.11130, Val Acc - 0.13451
Epoch 2/50: Train Loss - 2.16229, Val Loss - 2.21851, Train Acc - 0.16766, Val Acc - 0.15656
Epoch 3/50: Train Loss - 2.10689, Val Loss - 2.13404, Train Acc - 0.17806, Val Acc - 0.17488
Epoch 4/50: Train Loss - 2.08365, Val Loss - 2.09983, Train Acc - 0.18325, Val Acc - 0.17784
Epoch 5/50: Train Loss - 2.07024, Val Loss - 2.05281, Train Acc - 0.18553, Val Acc - 0.18766
Epoch 6/50: Train Loss - 2.06167, Val Loss - 2.03788, Train Acc - 0.18738, Val Acc - 0.19238
Epoch 7/50: Train Loss - 2.05514, Val Loss - 2.02447, Train Acc - 0.18857, Val Acc - 0.19328
Epoch 8/50: Train Loss - 2.05030, Val Loss - 2.01806, Train Acc - 0.18980, Val Acc - 0.19180
Epoch 9/50: Train Loss - 2.04628, Val Loss - 2.02699, Train Acc - 0.19036, Val Acc - 0.19389
Epoch 10/50: Train Loss - 2.04288, Val Loss - 2.01313, Train Acc - 0.19114, Val Acc - 0.19285
Epoch 11/50: Train Loss - 2.04026, Val Loss - 2.00604, Train Acc - 0.19168, Val Acc - 0.19701
Epoch 12/50: Train Loss - 2.03730, Val Loss - 2.00524, Train Acc - 0.19268, Val Acc - 0.19799
Epoch 13/50: Train Loss - 2.03519, Val Loss - 2.00729, Train Acc - 0.19296, Val Acc - 0.19735
Epoch 14/50: Train Loss - 2.03318, Val Loss - 2.01390, Train Acc - 0.19365, Val Acc - 0.19816
Epoch 15/50: Train Loss - 2.03125, Val Loss - 2.00273, Train Acc - 0.19393, Val Acc - 0.19969
Epoch 16/50: Train Loss - 2.02994, Val Loss - 2.00186, Train Acc - 0.19431, Val Acc - 0.20158
Epoch 17/50: Train Loss - 2.02771, Val Loss - 1.99945, Train Acc - 0.19528, Val Acc - 0.19927
Epoch 18/50: Train Loss - 2.02568, Val Loss - 1.99712, Train Acc - 0.19593, Val Acc - 0.20266
Epoch 19/50: Train Loss - 2.02410, Val Loss - 1.99466, Train Acc - 0.19665, Val Acc - 0.20206
Epoch 20/50: Train Loss - 2.02229, Val Loss - 1.99436, Train Acc - 0.19672, Val Acc - 0.20259
Epoch 21/50: Train Loss - 2.02141, Val Loss - 1.99473, Train Acc - 0.19687, Val Acc - 0.20358
Epoch 22/50: Train Loss - 2.02011, Val Loss - 1.99437, Train Acc - 0.19753, Val Acc - 0.20404
Epoch 23/50: Train Loss - 2.01858, Val Loss - 1.99267, Train Acc - 0.19848, Val Acc - 0.20380
Epoch 24/50: Train Loss - 2.01793, Val Loss - 1.99772, Train Acc - 0.19879, Val Acc - 0.20174
Epoch 25/50: Train Loss - 2.01667, Val Loss - 1.99293, Train Acc - 0.19902, Val Acc - 0.20480
Epoch 26/50: Train Loss - 2.01591, Val Loss - 1.99486, Train Acc - 0.19869, Val Acc - 0.20386
Epoch 27/50: Train Loss - 2.01493, Val Loss - 1.99618, Train Acc - 0.19901, Val Acc - 0.20344
Epoch 28/50: Train Loss - 2.01402, Val Loss - 1.99465, Train Acc - 0.19941, Val Acc - 0.20394
Epoch 29/50: Train Loss - 2.01352, Val Loss - 1.99390, Train Acc - 0.19971, Val Acc - 0.20451
Epoch 30/50: Train Loss - 2.01230, Val Loss - 1.99352, Train Acc - 0.19988, Val Acc - 0.20419
Epoch 31/50: Train Loss - 2.01186, Val Loss - 1.99145, Train Acc - 0.19995, Val Acc - 0.20394
Epoch 32/50: Train Loss - 2.01112, Val Loss - 1.99350, Train Acc - 0.20039, Val Acc - 0.20409
Epoch 33/50: Train Loss - 2.01079, Val Loss - 1.99232, Train Acc - 0.20059, Val Acc - 0.20451
Epoch 34/50: Train Loss - 2.01005, Val Loss - 1.99465, Train Acc - 0.20070, Val Acc - 0.20515
Epoch 35/50: Train Loss - 2.01014, Val Loss - 1.99325, Train Acc - 0.20058, Val Acc - 0.20465
Epoch 36/50: Train Loss - 2.00909, Val Loss - 1.99455, Train Acc - 0.20111, Val Acc - 0.20498
Epoch 37/50: Train Loss - 2.00838, Val Loss - 1.99385, Train Acc - 0.20116, Val Acc - 0.20433
Epoch 38/50: Train Loss - 2.00826, Val Loss - 1.99613, Train Acc - 0.20147, Val Acc - 0.20481
Epoch 39/50: Train Loss - 2.00804, Val Loss - 1.99352, Train Acc - 0.20139, Val Acc - 0.20539
Epoch 40/50: Train Loss - 2.00752, Val Loss - 1.98933, Train Acc - 0.20133, Val Acc - 0.20645
Epoch 41/50: Train Loss - 2.00669, Val Loss - 1.99894, Train Acc - 0.20145, Val Acc - 0.20316
Epoch 42/50: Train Loss - 2.00641, Val Loss - 1.99323, Train Acc - 0.20155, Val Acc - 0.20501
Epoch 43/50: Train Loss - 2.00593, Val Loss - 1.99322, Train Acc - 0.20161, Val Acc - 0.20552
Epoch 44/50: Train Loss - 2.00650, Val Loss - 1.99502, Train Acc - 0.20187, Val Acc - 0.20586
Epoch 45/50: Train Loss - 2.00506, Val Loss - 1.99144, Train Acc - 0.20180, Val Acc - 0.20708
Epoch 46/50: Train Loss - 2.00466, Val Loss - 1.99634, Train Acc - 0.20182, Val Acc - 0.20246
Epoch 47/50: Train Loss - 2.00439, Val Loss - 1.99180, Train Acc - 0.20216, Val Acc - 0.20680
Epoch 48/50: Train Loss - 2.00522, Val Loss - 2.00304, Train Acc - 0.20193, Val Acc - 0.20424
Epoch 49/50: Train Loss - 2.00313, Val Loss - 1.99098, Train Acc - 0.20232, Val Acc - 0.20808
Epoch 50/50: Train Loss - 2.00324, Val Loss - 1.99185, Train Acc - 0.20215, Val Acc - 0.20707
Training time: 1989.570341
Test Loss - 1.98921, Test Acc - 0.20732
Test Accuracy for 1-4 tolerance: 
{"1": 0.56019, "2": 0.79589, "3": 0.92121, "4": 0.97366, "5": 0.9924, "6": 0.99806, "7": 0.99949, "8": 0.9999, "9": 0.99998, "10": 0.99999, "11": 1.0, "12": 1.0, "13": 1.0, "14": 1.0, "15": 1.0, "16": 1.0, "17": 1.0, "18": 1.0, "19": 1.0, "20": 1.0, "21": 1.0, "22": 1.0, "23": 1.0, "24": 1.0, "25": 1.0, "26": 1.0, "27": 1.0, "28": 1.0, "29": 1.0, "30": 1.0, "31": 1.0, "32": 1.0}
SNR: 1.5496638472615172 
